// Jest Snapshot v1, https://goo.gl/fbAQLP

exports[`Footer component should render the component 1`] = `
<styled.div>
  Copyright 2018
</styled.div>
`;
