// Jest Snapshot v1, https://goo.gl/fbAQLP

exports[`NoMatch component should render the component 1`] = `
<h2>
  NoMatch
</h2>
`;
